INFO:     Started server process [61826]
INFO:     Waiting for application startup.
INFO:     Application startup complete.
INFO:     Uvicorn running on http://0.0.0.0:8000 (Press CTRL+C to quit)
🔑 해시 생성: 2a5c52f1 (타임스탬프: 1775897002.717769, 랜덤: 5640)
🚀 새 요청 처리 시작 (해시: 2a5c52f1) - 중복방지 비활성화
🔍 === 단순화된 체인 입력 JSON 검증 ===
요청 해시: 2a5c52f1 (중복방지: 비활성화)
채팅방 이름: 텔리봇 Test 방
원본 멤버 수: 4
원본 멤버 데이터: [{'8': '이다빈'}, {'9': '임재민'}, {'10': '정혜윤'}, {'11': '허원혁'}]
변환된 멤버 데이터: [{'8': '이다빈', '9': '임재민', '10': '정혜윤', '11': '허원혁'}]
메시지 수: 14
첫 번째 메시지: speaker=8, content='.'
마지막 메시지: speaker=10, content='내가 만원 결제하는 걸로 하고 나머지는 n분의 1 하자!'
🔍 =======================================

🤖 === AI에게 전달되는 최종 대화 데이터 ===
전체 대화 길이: 15
시스템 메시지: {'speaker': 'system', 'message_content': 'member_count: 4\nmember_mapping: {"8": "이다빈", "9": "임재민", "10": "정혜윤", "11": "허원혁"}'}
실제 대화 내용:
  [1] 8: .
  [2] 8: 오늘 재밌었다!!!
  [3] 8: 삼겹살 진짜 맛있었당
  [4] 9: 그니까 조심히 들어가~~
  [5] 10: 카페도 커피랑 케잌 다 맛있더라
  [6] 8: 그니까! 삼겹살 내가 이따 정산할게
  [7] 11: 카페는 정산 잠시만...
  [8] 11: 카페 2만 3천원
  [9] 9: 어 생각보다 별로 안 나왔네
  [10] 11: 어어 다빈 빼고 1/3씩 보내줘
  [11] 8: 삼겹살 총 8만 천원!
  [12] 8: 내가 2만 천원 결제할 테니까 2만원씩 보내줘!
  [13] 10: 멘토님 선물은 2만 2천원인데
  [14] 10: 내가 만원 결제하는 걸로 하고 나머지는 n분의 1 하자!
🤖 ============================================


=== 단순화된 체인 단일 처리 시작 ===
총 9개 메시지

=== 통화 변환 후 결과 ===
[
  {"speaker":"8","item":"삼겹살","amount":81000,"hint_phrases":["8이 21000원 지불","1인당 20000원 지불"]},
  {"speaker":"10","item":"멘토님 선물","amount":22000,"hint_phrases":["10이 10000원 지불"]},
  {"speaker":"11","item":"카페","amount":23000,"hint_phrases":["8은 제외"]}
]

=== 2차 처리 결과 ===
[
  {"item":"삼겹살","place":"식당"},
  {"item":"멘토님 선물","place":"미정"},
  {"item":"카페","place":"카페"}
]

=== 최종 처리 결과 ===
[
  {"place":"식당","payer":"8","item":"삼겹살","amount":81000,"participants":["8","9","10","11"],"constants":{"8":21000,"9":20000,"10":20000,"11":20000},"ratios":{"8":1,"9":1,"10":1,"11":1}},
  {"place":"미정","payer":"10","item":"멘토님 선물","amount":22000,"participants":["8","9","10","11"],"constants":{"8":0,"9":0,"10":10000,"11":0},"ratios":{"8":1,"9":1,"10":1,"11":1}},
  {"place":"카페","payer":"11","item":"카페","amount":23000,"participants":["9","10","11"],"constants":{"9":0,"10":0,"11":0},"ratios":{"9":1,"10":1,"11":1}}
]
✅ 요청 처리 완료 (해시: 2a5c52f1)
INFO:     127.0.0.1:51871 - "POST /api/process HTTP/1.1" 200 OK
INFO:     127.0.0.1:52575 - "POST /api/evaluate-with-processing HTTP/1.1" 422 Unprocessable Content
INFO:     Shutting down
INFO:     Waiting for application shutdown.
INFO:     Application shutdown complete.
INFO:     Finished server process [61826]
INFO:     Started server process [83825]
INFO:     Waiting for application startup.
INFO:     Application startup complete.
INFO:     Uvicorn running on http://0.0.0.0:8000 (Press CTRL+C to quit)
INFO:     127.0.0.1:52626 - "POST /api/evaluate-with-processing HTTP/1.1" 422 Unprocessable Content
INFO:     127.0.0.1:52641 - "POST /api/evaluate-with-processing HTTP/1.1" 422 Unprocessable Content
🔑 해시 생성: 7ed749e3 (타임스탬프: 1775898938.934804, 랜덤: 5109)
🚀 새 요청 처리 시작 (해시: 7ed749e3) - 중복방지 비활성화
🔍 === 단순화된 체인 입력 JSON 검증 ===
요청 해시: 7ed749e3 (중복방지: 비활성화)
채팅방 이름: 텔리봇 Test 방
원본 멤버 수: 4
원본 멤버 데이터: [{'8': '이다빈'}, {'9': '임재민'}, {'10': '정혜윤'}, {'11': '허원혁'}]
변환된 멤버 데이터: [{'8': '이다빈', '9': '임재민', '10': '정혜윤', '11': '허원혁'}]
메시지 수: 14
첫 번째 메시지: speaker=8, content='.'
마지막 메시지: speaker=10, content='내가 만원 결제하는 걸로 하고 나머지는 n분의 1 하자!'
🔍 =======================================

🤖 === AI에게 전달되는 최종 대화 데이터 ===
전체 대화 길이: 15
시스템 메시지: {'speaker': 'system', 'message_content': 'member_count: 4\nmember_mapping: {"8": "이다빈", "9": "임재민", "10": "정혜윤", "11": "허원혁"}'}
실제 대화 내용:
  [1] 8: .
  [2] 8: 오늘 재밌었다!!!
  [3] 8: 삼겹살 진짜 맛있었당
  [4] 9: 그니까 조심히 들어가~~
  [5] 10: 카페도 커피랑 케잌 다 맛있더라
  [6] 8: 그니까! 삼겹살 내가 이따 정산할게
  [7] 11: 카페는 정산 잠시만...
  [8] 11: 카페 2만 3천원
  [9] 9: 어 생각보다 별로 안 나왔네
  [10] 11: 어어 다빈 빼고 1/3씩 보내줘
  [11] 8: 삼겹살 총 8만 천원!
  [12] 8: 내가 2만 천원 결제할 테니까 2만원씩 보내줘!
  [13] 10: 멘토님 선물은 2만 2천원인데
  [14] 10: 내가 만원 결제하는 걸로 하고 나머지는 n분의 1 하자!
🤖 ============================================


=== 단순화된 체인 단일 처리 시작 ===
총 9개 메시지

=== 통화 변환 후 결과 ===
[
  {"speaker":"8","item":"삼겹살","amount":81000,"hint_phrases":["8이 21000원 지불","1인당 20000원 지불"]},
  {"speaker":"10","item":"멘토님 선물","amount":22000,"hint_phrases":["10이 10000원 지불"]},
  {"speaker":"11","item":"카페","amount":23000,"hint_phrases":["8은 제외"]}
]

=== 2차 처리 결과 ===
[
  {"item":"삼겹살","place":"식당"},
  {"item":"멘토님 선물","place":"미정"},
  {"item":"카페","place":"카페"}
]

=== 최종 처리 결과 ===
[
  {"place":"식당","payer":"8","item":"삼겹살","amount":81000,"participants":["8","9","10","11"],"constants":{"8":21000,"9":20000,"10":20000,"11":20000},"ratios":{"8":1,"9":1,"10":1,"11":1}},
  {"place":"미정","payer":"10","item":"멘토님 선물","amount":22000,"participants":["8","9","10","11"],"constants":{"8":0,"9":0,"10":10000,"11":0},"ratios":{"8":1,"9":1,"10":1,"11":1}},
  {"place":"카페","payer":"11","item":"카페","amount":23000,"participants":["9","10","11"],"constants":{"9":0,"10":0,"11":0},"ratios":{"9":1,"10":1,"11":1}}
]
✅ 요청 처리 완료 (해시: 7ed749e3)
INFO:     127.0.0.1:52683 - "POST /api/process HTTP/1.1" 200 OK
🔑 해시 생성: 83a743ad (타임스탬프: 1775898973.88292, 랜덤: 1444)
🚀 새 요청 처리 시작 (해시: 83a743ad) - 중복방지 비활성화
🔍 === 단순화된 체인 입력 JSON 검증 ===
요청 해시: 83a743ad (중복방지: 비활성화)
채팅방 이름: 텔리봇 Test 방
원본 멤버 수: 4
원본 멤버 데이터: [{'8': '이다빈'}, {'9': '임재민'}, {'10': '정혜윤'}, {'11': '허원혁'}]
변환된 멤버 데이터: [{'8': '이다빈', '9': '임재민', '10': '정혜윤', '11': '허원혁'}]
메시지 수: 14
첫 번째 메시지: speaker=8, content='.'
마지막 메시지: speaker=10, content='내가 만원 결제하는 걸로 하고 나머지는 n분의 1 하자!'
🔍 =======================================

🤖 === AI에게 전달되는 최종 대화 데이터 ===
전체 대화 길이: 15
시스템 메시지: {'speaker': 'system', 'message_content': 'member_count: 4\nmember_mapping: {"8": "이다빈", "9": "임재민", "10": "정혜윤", "11": "허원혁"}'}
실제 대화 내용:
  [1] 8: .
  [2] 8: 오늘 재밌었다!!!
  [3] 8: 삼겹살 진짜 맛있었당
  [4] 9: 그니까 조심히 들어가~~
  [5] 10: 카페도 커피랑 케잌 다 맛있더라
  [6] 8: 그니까! 삼겹살 내가 이따 정산할게
  [7] 11: 카페는 정산 잠시만...
  [8] 11: 카페 2만 3천원
  [9] 9: 어 생각보다 별로 안 나왔네
  [10] 11: 어어 다빈 빼고 1/3씩 보내줘
  [11] 8: 삼겹살 총 8만 천원!
  [12] 8: 내가 2만 천원 결제할 테니까 2만원씩 보내줘!
  [13] 10: 멘토님 선물은 2만 2천원인데
  [14] 10: 내가 만원 결제하는 걸로 하고 나머지는 n분의 1 하자!
🤖 ============================================


=== 단순화된 체인 단일 처리 시작 ===
총 9개 메시지

=== 통화 변환 후 결과 ===
[
  {"speaker":"11","item":"카페","amount":23000},
  {"speaker":"8","item":"삼겹살","amount":81000,"hint_phrases":["8이 21000원 지불","1인당 20000원 지불"]},
  {"speaker":"10","item":"멘토님 선물","amount":22000,"hint_phrases":["10이 10000원 지불"]}
]

=== 2차 처리 결과 ===
[
  {"item":"카페","place":"카페"},
  {"item":"삼겹살","place":"식당"},
  {"item":"멘토님 선물","place":"미정"}
]

=== 최종 처리 결과 ===
[
  {"place":"카페","payer":"11","item":"카페","amount":23000,"participants":["8","9","10","11"],"constants":{"8":0,"9":0,"10":0,"11":0},"ratios":{"8":1,"9":1,"10":1,"11":1}},
  {"place":"식당","payer":"8","item":"삼겹살","amount":81000,"participants":["8","9","10","11"],"constants":{"8":21000,"9":20000,"10":20000,"11":20000},"ratios":{"8":1,"9":1,"10":1,"11":1}},
  {"place":"미정","payer":"10","item":"멘토님 선물","amount":22000,"participants":["8","9","10","11"],"constants":{"8":0,"9":0,"10":10000,"11":0},"ratios":{"8":1,"9":1,"10":1,"11":1}}
]
✅ 요청 처리 완료 (해시: 83a743ad)
INFO:     127.0.0.1:52696 - "POST /api/process HTTP/1.1" 200 OK
🔑 해시 생성: 3532a167 (타임스탬프: 1775899001.605047, 랜덤: 6068)
🚀 새 요청 처리 시작 (해시: 3532a167) - 중복방지 비활성화
🔍 === 단순화된 체인 입력 JSON 검증 ===
요청 해시: 3532a167 (중복방지: 비활성화)
채팅방 이름: 텔리봇 Test 방
원본 멤버 수: 4
원본 멤버 데이터: [{'8': '이다빈'}, {'9': '임재민'}, {'10': '정혜윤'}, {'11': '허원혁'}]
변환된 멤버 데이터: [{'8': '이다빈', '9': '임재민', '10': '정혜윤', '11': '허원혁'}]
메시지 수: 14
첫 번째 메시지: speaker=8, content='.'
마지막 메시지: speaker=10, content='내가 만원 결제하는 걸로 하고 나머지는 n분의 1 하자!'
🔍 =======================================

🤖 === AI에게 전달되는 최종 대화 데이터 ===
전체 대화 길이: 15
시스템 메시지: {'speaker': 'system', 'message_content': 'member_count: 4\nmember_mapping: {"8": "이다빈", "9": "임재민", "10": "정혜윤", "11": "허원혁"}'}
실제 대화 내용:
  [1] 8: .
  [2] 8: 오늘 재밌었다!!!
  [3] 8: 삼겹살 진짜 맛있었당
  [4] 9: 그니까 조심히 들어가~~
  [5] 10: 카페도 커피랑 케잌 다 맛있더라
  [6] 8: 그니까! 삼겹살 내가 이따 정산할게
  [7] 11: 카페는 정산 잠시만...
  [8] 11: 카페 2만 3천원
  [9] 9: 어 생각보다 별로 안 나왔네
  [10] 11: 어어 다빈 빼고 1/3씩 보내줘
  [11] 8: 삼겹살 총 8만 천원!
  [12] 8: 내가 2만 천원 결제할 테니까 2만원씩 보내줘!
  [13] 10: 멘토님 선물은 2만 2천원인데
  [14] 10: 내가 만원 결제하는 걸로 하고 나머지는 n분의 1 하자!
🤖 ============================================


=== 단순화된 체인 단일 처리 시작 ===
총 9개 메시지

=== 통화 변환 후 결과 ===
[
  {"speaker":"8","item":"삼겹살","amount":81000,"hint_phrases":["8이 21000원 지불","n분의1"]},
  {"speaker":"11","item":"카페","amount":23000,"hint_phrases":["8은 제외"]},
  {"speaker":"10","item":"멘토님 선물","amount":22000,"hint_phrases":["10이 10000원 지불","n분의1"]}
]

=== 2차 처리 결과 ===
[
  {"item":"삼겹살","place":"식당"},
  {"item":"카페","place":"카페"},
  {"item":"멘토님 선물","place":"미정"}
]

=== 최종 처리 결과 ===
[
  {"place":"식당","payer":"8","item":"삼겹살","amount":81000,"participants":["8","9","10","11"],"constants":{"8":21000,"9":0,"10":0,"11":0},"ratios":{"8":1,"9":1,"10":1,"11":1}},
  {"place":"카페","payer":"11","item":"카페","amount":23000,"participants":["9","10","11"],"constants":{"9":0,"10":0,"11":0},"ratios":{"9":1,"10":1,"11":1}},
  {"place":"미정","payer":"10","item":"멘토님 선물","amount":22000,"participants":["8","9","10","11"],"constants":{"8":0,"9":0,"10":10000,"11":0},"ratios":{"8":1,"9":1,"10":1,"11":1}}
]
✅ 요청 처리 완료 (해시: 3532a167)
INFO:     127.0.0.1:52709 - "POST /api/process HTTP/1.1" 200 OK
🔑 해시 생성: 0409054b (타임스탬프: 1775899028.055684, 랜덤: 7067)
🚀 새 요청 처리 시작 (해시: 0409054b) - 중복방지 비활성화
🔍 === 단순화된 체인 입력 JSON 검증 ===
요청 해시: 0409054b (중복방지: 비활성화)
채팅방 이름: 텔리봇 Test 방
원본 멤버 수: 4
원본 멤버 데이터: [{'8': '이다빈'}, {'9': '임재민'}, {'10': '정혜윤'}, {'11': '허원혁'}]
변환된 멤버 데이터: [{'8': '이다빈', '9': '임재민', '10': '정혜윤', '11': '허원혁'}]
메시지 수: 14
첫 번째 메시지: speaker=8, content='.'
마지막 메시지: speaker=10, content='내가 만원 결제하는 걸로 하고 나머지는 n분의 1 하자!'
🔍 =======================================

🤖 === AI에게 전달되는 최종 대화 데이터 ===
전체 대화 길이: 15
시스템 메시지: {'speaker': 'system', 'message_content': 'member_count: 4\nmember_mapping: {"8": "이다빈", "9": "임재민", "10": "정혜윤", "11": "허원혁"}'}
실제 대화 내용:
  [1] 8: .
  [2] 8: 오늘 재밌었다!!!
  [3] 8: 삼겹살 진짜 맛있었당
  [4] 9: 그니까 조심히 들어가~~
  [5] 10: 카페도 커피랑 케잌 다 맛있더라
  [6] 8: 그니까! 삼겹살 내가 이따 정산할게
  [7] 11: 카페는 정산 잠시만...
  [8] 11: 카페 2만 3천원
  [9] 9: 어 생각보다 별로 안 나왔네
  [10] 11: 어어 다빈 빼고 1/3씩 보내줘
  [11] 8: 삼겹살 총 8만 천원!
  [12] 8: 내가 2만 천원 결제할 테니까 2만원씩 보내줘!
  [13] 10: 멘토님 선물은 2만 2천원인데
  [14] 10: 내가 만원 결제하는 걸로 하고 나머지는 n분의 1 하자!
🤖 ============================================


=== 단순화된 체인 단일 처리 시작 ===
총 9개 메시지

=== 통화 변환 후 결과 ===
[
  {"speaker":"8","item":"삼겹살","amount":81000,"hint_phrases":["8이 21000원 지불","1인당 20000원 지불"]},
  {"speaker":"10","item":"멘토님 선물","amount":22000,"hint_phrases":["10이 10000원 지불"]},
  {"speaker":"11","item":"카페","amount":23000,"hint_phrases":["8은 제외"]}
]

=== 2차 처리 결과 ===
[
  {"item":"삼겹살","place":"식당"},
  {"item":"멘토님 선물","place":"미정"},
  {"item":"카페","place":"카페"}
]

=== 최종 처리 결과 ===
[
  {"place":"식당","payer":"8","item":"삼겹살","amount":81000,"participants":["8","9","10","11"],"constants":{"8":21000,"9":20000,"10":20000,"11":20000},"ratios":{"8":1,"9":1,"10":1,"11":1}},
  {"place":"미정","payer":"10","item":"멘토님 선물","amount":22000,"participants":["8","9","10","11"],"constants":{"8":0,"9":0,"10":10000,"11":0},"ratios":{"8":1,"9":1,"10":1,"11":1}},
  {"place":"카페","payer":"11","item":"카페","amount":23000,"participants":["9","10","11"],"constants":{"9":0,"10":0,"11":0},"ratios":{"9":1,"10":1,"11":1}}
]
✅ 요청 처리 완료 (해시: 0409054b)
INFO:     127.0.0.1:52716 - "POST /api/process HTTP/1.1" 200 OK
🔑 해시 생성: 02671dd8 (타임스탬프: 1775899276.1731782, 랜덤: 9719)
🚀 새 요청 처리 시작 (해시: 02671dd8) - 중복방지 비활성화
🔍 === 단순화된 체인 입력 JSON 검증 ===
요청 해시: 02671dd8 (중복방지: 비활성화)
채팅방 이름: 텔리봇 Test 방
원본 멤버 수: 4
원본 멤버 데이터: [{'8': '이다빈'}, {'9': '임재민'}, {'10': '정혜윤'}, {'11': '허원혁'}]
변환된 멤버 데이터: [{'8': '이다빈', '9': '임재민', '10': '정혜윤', '11': '허원혁'}]
메시지 수: 14
첫 번째 메시지: speaker=8, content='.'
마지막 메시지: speaker=10, content='내가 만원 결제하는 걸로 하고 나머지는 n분의 1 하자!'
🔍 =======================================

🤖 === AI에게 전달되는 최종 대화 데이터 ===
전체 대화 길이: 15
시스템 메시지: {'speaker': 'system', 'message_content': 'member_count: 4\nmember_mapping: {"8": "이다빈", "9": "임재민", "10": "정혜윤", "11": "허원혁"}'}
실제 대화 내용:
  [1] 8: .
  [2] 8: 오늘 재밌었다!!!
  [3] 8: 삼겹살 진짜 맛있었당
  [4] 9: 그니까 조심히 들어가~~
  [5] 10: 카페도 커피랑 케잌 다 맛있더라
  [6] 8: 그니까! 삼겹살 내가 이따 정산할게
  [7] 11: 카페는 정산 잠시만...
  [8] 11: 카페 2만 3천원
  [9] 9: 어 생각보다 별로 안 나왔네
  [10] 11: 어어 다빈 빼고 1/3씩 보내줘
  [11] 8: 삼겹살 총 8만 천원!
  [12] 8: 내가 2만 천원 결제할 테니까 2만원씩 보내줘!
  [13] 10: 멘토님 선물은 2만 2천원인데
  [14] 10: 내가 만원 결제하는 걸로 하고 나머지는 n분의 1 하자!
🤖 ============================================


=== 단순화된 체인 단일 처리 시작 ===
총 9개 메시지

=== 통화 변환 후 결과 ===
[
  {"speaker":"8","item":"삼겹살","amount":81000,"hint_phrases":["8이 21000원 지불","n분의1"]},
  {"speaker":"11","item":"카페","amount":23000,"hint_phrases":["8은 제외","9가 1/3 지불","10가 1/3 지불"]},
  {"speaker":"10","item":"멘토님 선물","amount":22000,"hint_phrases":["10이 10000원 지불","n분의1"]}
]

=== 2차 처리 결과 ===
[
  {"item":"삼겹살","place":"식당"},
  {"item":"카페","place":"카페"},
  {"item":"멘토님 선물","place":"미정"}
]

=== 최종 처리 결과 ===
[
  {"place":"식당","payer":"8","item":"삼겹살","amount":81000,"participants":["8","9","10","11"],"constants":{"8":21000,"9":0,"10":0,"11":0},"ratios":{"8":1,"9":1,"10":1,"11":1}},
  {"place":"카페","payer":"11","item":"카페","amount":23000,"participants":["9","10","11"],"constants":{"9":0,"10":0,"11":0},"ratios":{"9":1,"10":1,"11":1}},
  {"place":"미정","payer":"10","item":"멘토님 선물","amount":22000,"participants":["8","9","10","11"],"constants":{"8":0,"9":0,"10":10000,"11":0},"ratios":{"8":1,"9":1,"10":1,"11":1}}
]
✅ 요청 처리 완료 (해시: 02671dd8)
INFO:     127.0.0.1:52838 - "POST /api/process HTTP/1.1" 200 OK
🔑 해시 생성: feb4eedb (타임스탬프: 1775899410.066602, 랜덤: 3447)
🚀 새 요청 처리 시작 (해시: feb4eedb) - 중복방지 비활성화
🔍 === 단순화된 체인 입력 JSON 검증 ===
요청 해시: feb4eedb (중복방지: 비활성화)
채팅방 이름: 텔리봇 Test 방
원본 멤버 수: 4
원본 멤버 데이터: [{'8': '이다빈'}, {'9': '임재민'}, {'10': '정혜윤'}, {'11': '허원혁'}]
변환된 멤버 데이터: [{'8': '이다빈', '9': '임재민', '10': '정혜윤', '11': '허원혁'}]
메시지 수: 14
첫 번째 메시지: speaker=8, content='.'
마지막 메시지: speaker=10, content='내가 만원 결제하는 걸로 하고 나머지는 n분의 1 하자!'
🔍 =======================================

🤖 === AI에게 전달되는 최종 대화 데이터 ===
전체 대화 길이: 15
시스템 메시지: {'speaker': 'system', 'message_content': 'member_count: 4\nmember_mapping: {"8": "이다빈", "9": "임재민", "10": "정혜윤", "11": "허원혁"}'}
실제 대화 내용:
  [1] 8: .
  [2] 8: 오늘 재밌었다!!!
  [3] 8: 삼겹살 진짜 맛있었당
  [4] 9: 그니까 조심히 들어가~~
  [5] 10: 카페도 커피랑 케잌 다 맛있더라
  [6] 8: 그니까! 삼겹살 내가 이따 정산할게
  [7] 11: 카페는 정산 잠시만...
  [8] 11: 카페 2만 3천원
  [9] 9: 어 생각보다 별로 안 나왔네
  [10] 11: 어어 다빈 빼고 1/3씩 보내줘
  [11] 8: 삼겹살 총 8만 천원!
  [12] 8: 내가 2만 천원 결제할 테니까 2만원씩 보내줘!
  [13] 10: 멘토님 선물은 2만 2천원인데
  [14] 10: 내가 만원 결제하는 걸로 하고 나머지는 n분의 1 하자!
🤖 ============================================


=== 단순화된 체인 단일 처리 시작 ===
총 9개 메시지

=== 통화 변환 후 결과 ===
[
  {"speaker":"8","item":"삼겹살","amount":81000,"hint_phrases":["8이 21000원 지불","1인당 20000원 지불"]},
  {"speaker":"10","item":"멘토님 선물","amount":22000,"hint_phrases":["10이 10000원 지불","1인당 10000원 지불"]},
  {"speaker":"11","item":"카페","amount":23000,"hint_phrases":["8은 제외","9은 제외"]}
]

=== 2차 처리 결과 ===
[
  {"item":"삼겹살","place":"식당"},
  {"item":"멘토님 선물","place":"미정"},
  {"item":"카페","place":"카페"}
]

=== 최종 처리 결과 ===
[
  {"place":"식당","payer":"8","item":"삼겹살","amount":81000,"participants":["8","9","10","11"],"constants":{"8":21000,"9":20000,"10":20000,"11":20000},"ratios":{"8":1,"9":1,"10":1,"11":1}},
  {"place":"미정","payer":"10","item":"멘토님 선물","amount":22000,"participants":["8","9","10","11"],"constants":{"8":10000,"9":10000,"10":10000,"11":10000},"ratios":{"8":1,"9":1,"10":1,"11":1}},
  {"place":"카페","payer":"11","item":"카페","amount":23000,"participants":["10","11"],"constants":{"10":0,"11":0},"ratios":{"10":1,"11":1}}
]
✅ 요청 처리 완료 (해시: feb4eedb)
INFO:     127.0.0.1:52879 - "POST /api/process HTTP/1.1" 200 OK
🔑 해시 생성: 68c8db76 (타임스탬프: 1775899422.262553, 랜덤: 4930)
🚀 새 요청 처리 시작 (해시: 68c8db76) - 중복방지 비활성화
🔍 === 단순화된 체인 입력 JSON 검증 ===
요청 해시: 68c8db76 (중복방지: 비활성화)
채팅방 이름: 텔리봇 Test 방
원본 멤버 수: 4
원본 멤버 데이터: [{'8': '이다빈'}, {'9': '임재민'}, {'10': '정혜윤'}, {'11': '허원혁'}]
변환된 멤버 데이터: [{'8': '이다빈', '9': '임재민', '10': '정혜윤', '11': '허원혁'}]
메시지 수: 14
첫 번째 메시지: speaker=8, content='.'
마지막 메시지: speaker=10, content='내가 만원 결제하는 걸로 하고 나머지는 n분의 1 하자!'
🔍 =======================================

🤖 === AI에게 전달되는 최종 대화 데이터 ===
전체 대화 길이: 15
시스템 메시지: {'speaker': 'system', 'message_content': 'member_count: 4\nmember_mapping: {"8": "이다빈", "9": "임재민", "10": "정혜윤", "11": "허원혁"}'}
실제 대화 내용:
  [1] 8: .
  [2] 8: 오늘 재밌었다!!!
  [3] 8: 삼겹살 진짜 맛있었당
  [4] 9: 그니까 조심히 들어가~~
  [5] 10: 카페도 커피랑 케잌 다 맛있더라
  [6] 8: 그니까! 삼겹살 내가 이따 정산할게
  [7] 11: 카페는 정산 잠시만...
  [8] 11: 카페 2만 3천원
  [9] 9: 어 생각보다 별로 안 나왔네
  [10] 11: 어어 다빈 빼고 1/3씩 보내줘
  [11] 8: 삼겹살 총 8만 천원!
  [12] 8: 내가 2만 천원 결제할 테니까 2만원씩 보내줘!
  [13] 10: 멘토님 선물은 2만 2천원인데
  [14] 10: 내가 만원 결제하는 걸로 하고 나머지는 n분의 1 하자!
🤖 ============================================


=== 단순화된 체인 단일 처리 시작 ===
총 9개 메시지

=== 통화 변환 후 결과 ===
[
  {"speaker":"8","item":"삼겹살","amount":81000,"hint_phrases":["8이 21000원 지불","1인당 20000원 지불"]},
  {"speaker":"10","item":"멘토님 선물","amount":22000,"hint_phrases":["10이 10000원 지불","1인당 10000원 지불"]},
  {"speaker":"11","item":"카페","amount":23000,"hint_phrases":["8은 제외"]}
]

=== 2차 처리 결과 ===
[
  {"item":"삼겹살","place":"식당"},
  {"item":"멘토님 선물","place":"미정"},
  {"item":"카페","place":"카페"}
]

=== 최종 처리 결과 ===
[
  {"place":"식당","payer":"8","item":"삼겹살","amount":81000,"participants":["8","9","10","11"],"constants":{"8":21000,"9":20000,"10":20000,"11":20000},"ratios":{"8":1,"9":1,"10":1,"11":1}},
  {"place":"미정","payer":"10","item":"멘토님 선물","amount":22000,"participants":["8","9","10","11"],"constants":{"8":10000,"9":10000,"10":10000,"11":10000},"ratios":{"8":1,"9":1,"10":1,"11":1}},
  {"place":"카페","payer":"11","item":"카페","amount":23000,"participants":["9","10","11"],"constants":{"9":0,"10":0,"11":0},"ratios":{"9":1,"10":1,"11":1}}
]
✅ 요청 처리 완료 (해시: 68c8db76)
INFO:     127.0.0.1:52886 - "POST /api/process HTTP/1.1" 200 OK
🔑 해시 생성: 80966c01 (타임스탬프: 1775899451.09408, 랜덤: 4615)
🚀 새 요청 처리 시작 (해시: 80966c01) - 중복방지 비활성화
🔍 === 단순화된 체인 입력 JSON 검증 ===
요청 해시: 80966c01 (중복방지: 비활성화)
채팅방 이름: 텔리봇 Test 방
원본 멤버 수: 4
원본 멤버 데이터: [{'8': '이다빈'}, {'9': '임재민'}, {'10': '정혜윤'}, {'11': '허원혁'}]
변환된 멤버 데이터: [{'8': '이다빈', '9': '임재민', '10': '정혜윤', '11': '허원혁'}]
메시지 수: 14
첫 번째 메시지: speaker=8, content='.'
마지막 메시지: speaker=10, content='내가 만원 결제하는 걸로 하고 나머지는 n분의 1 하자!'
🔍 =======================================

🤖 === AI에게 전달되는 최종 대화 데이터 ===
전체 대화 길이: 15
시스템 메시지: {'speaker': 'system', 'message_content': 'member_count: 4\nmember_mapping: {"8": "이다빈", "9": "임재민", "10": "정혜윤", "11": "허원혁"}'}
실제 대화 내용:
  [1] 8: .
  [2] 8: 오늘 재밌었다!!!
  [3] 8: 삼겹살 진짜 맛있었당
  [4] 9: 그니까 조심히 들어가~~
  [5] 10: 카페도 커피랑 케잌 다 맛있더라
  [6] 8: 그니까! 삼겹살 내가 이따 정산할게
  [7] 11: 카페는 정산 잠시만...
  [8] 11: 카페 2만 3천원
  [9] 9: 어 생각보다 별로 안 나왔네
  [10] 11: 어어 다빈 빼고 1/3씩 보내줘
  [11] 8: 삼겹살 총 8만 천원!
  [12] 8: 내가 2만 천원 결제할 테니까 2만원씩 보내줘!
  [13] 10: 멘토님 선물은 2만 2천원인데
  [14] 10: 내가 만원 결제하는 걸로 하고 나머지는 n분의 1 하자!
🤖 ============================================


=== 단순화된 체인 단일 처리 시작 ===
총 9개 메시지

=== 통화 변환 후 결과 ===
[
  {"speaker":"8","item":"삼겹살","amount":81000,"hint_phrases":["8이 21000원 지불","n분의1"]},
  {"speaker":"11","item":"카페","amount":23000,"hint_phrases":["8은 제외"]},
  {"speaker":"10","item":"멘토님 선물","amount":22000,"hint_phrases":["10이 10000원 지불","n분의1"]}
]

=== 2차 처리 결과 ===
[
  {"item":"삼겹살","place":"식당"},
  {"item":"카페","place":"카페"},
  {"item":"멘토님 선물","place":"미정"}
]

=== 최종 처리 결과 ===
[
  {"place":"식당","payer":"8","item":"삼겹살","amount":81000,"participants":["8","9","10","11"],"constants":{"8":21000,"9":0,"10":0,"11":0},"ratios":{"8":1,"9":1,"10":1,"11":1}},
  {"place":"카페","payer":"11","item":"카페","amount":23000,"participants":["9","10","11"],"constants":{"9":0,"10":0,"11":0},"ratios":{"9":1,"10":1,"11":1}},
  {"place":"미정","payer":"10","item":"멘토님 선물","amount":22000,"participants":["8","9","10","11"],"constants":{"8":0,"9":0,"10":10000,"11":0},"ratios":{"8":1,"9":1,"10":1,"11":1}}
]
✅ 요청 처리 완료 (해시: 80966c01)
INFO:     127.0.0.1:52894 - "POST /api/process HTTP/1.1" 200 OK
🔑 해시 생성: bdae0f97 (타임스탬프: 1775900025.816577, 랜덤: 8261)
🚀 새 요청 처리 시작 (해시: bdae0f97) - 중복방지 비활성화
🔍 === 단순화된 체인 입력 JSON 검증 ===
요청 해시: bdae0f97 (중복방지: 비활성화)
채팅방 이름: 텔리봇 Test 방
원본 멤버 수: 4
원본 멤버 데이터: [{'8': '이다빈'}, {'9': '임재민'}, {'10': '정혜윤'}, {'11': '허원혁'}]
변환된 멤버 데이터: [{'8': '이다빈', '9': '임재민', '10': '정혜윤', '11': '허원혁'}]
메시지 수: 14
첫 번째 메시지: speaker=8, content='.'
마지막 메시지: speaker=10, content='내가 만원 결제하는 걸로 하고 나머지는 n분의 1 하자!'
🔍 =======================================

🤖 === AI에게 전달되는 최종 대화 데이터 ===
전체 대화 길이: 15
시스템 메시지: {'speaker': 'system', 'message_content': 'member_count: 4\nmember_mapping: {"8": "이다빈", "9": "임재민", "10": "정혜윤", "11": "허원혁"}'}
실제 대화 내용:
  [1] 8: .
  [2] 8: 오늘 재밌었다!!!
  [3] 8: 삼겹살 진짜 맛있었당
  [4] 9: 그니까 조심히 들어가~~
  [5] 10: 카페도 커피랑 케잌 다 맛있더라
  [6] 8: 그니까! 삼겹살 내가 이따 정산할게
  [7] 11: 카페는 정산 잠시만...
  [8] 11: 카페 2만 3천원
  [9] 9: 어 생각보다 별로 안 나왔네
  [10] 11: 어어 다빈 빼고 1/3씩 보내줘
  [11] 8: 삼겹살 총 8만 천원!
  [12] 8: 내가 2만 천원 결제할 테니까 2만원씩 보내줘!
  [13] 10: 멘토님 선물은 2만 2천원인데
  [14] 10: 내가 만원 결제하는 걸로 하고 나머지는 n분의 1 하자!
🤖 ============================================


=== 단순화된 체인 단일 처리 시작 ===
총 9개 메시지

=== 통화 변환 후 결과 ===
[
  {"speaker":"8","item":"삼겹살","amount":81000,"hint_phrases":["8이 21000원 지불","1인당 20000원 지불"]},
  {"speaker":"10","item":"멘토님 선물","amount":22000,"hint_phrases":["10이 10000원 지불","1인당 10000원 지불"]},
  {"speaker":"11","item":"카페","amount":23000,"hint_phrases":["8은 제외","9은 제외"]}
]

=== 2차 처리 결과 ===
[
  {"item":"삼겹살","place":"식당"},
  {"item":"멘토님 선물","place":"미정"},
  {"item":"카페","place":"카페"}
]

=== 최종 처리 결과 ===
[
  {"place":"식당","payer":"8","item":"삼겹살","amount":81000,"participants":["8","9","10","11"],"constants":{"8":21000,"9":20000,"10":20000,"11":20000},"ratios":{"8":1,"9":1,"10":1,"11":1}},
  {"place":"미정","payer":"10","item":"멘토님 선물","amount":22000,"participants":["8","9","10","11"],"constants":{"8":10000,"9":10000,"10":10000,"11":10000},"ratios":{"8":1,"9":1,"10":1,"11":1}},
  {"place":"카페","payer":"11","item":"카페","amount":23000,"participants":["10","11"],"constants":{"10":0,"11":0},"ratios":{"10":1,"11":1}}
]
✅ 요청 처리 완료 (해시: bdae0f97)
INFO:     127.0.0.1:53108 - "POST /api/process HTTP/1.1" 200 OK
🔑 해시 생성: 16f9bc42 (타임스탬프: 1775900038.7355561, 랜덤: 3335)
🚀 새 요청 처리 시작 (해시: 16f9bc42) - 중복방지 비활성화
🔍 === 단순화된 체인 입력 JSON 검증 ===
요청 해시: 16f9bc42 (중복방지: 비활성화)
채팅방 이름: 텔리봇 Test 방
원본 멤버 수: 4
원본 멤버 데이터: [{'8': '이다빈'}, {'9': '임재민'}, {'10': '정혜윤'}, {'11': '허원혁'}]
변환된 멤버 데이터: [{'8': '이다빈', '9': '임재민', '10': '정혜윤', '11': '허원혁'}]
메시지 수: 14
첫 번째 메시지: speaker=8, content='.'
마지막 메시지: speaker=10, content='내가 만원 결제하는 걸로 하고 나머지는 n분의 1 하자!'
🔍 =======================================

🤖 === AI에게 전달되는 최종 대화 데이터 ===
전체 대화 길이: 15
시스템 메시지: {'speaker': 'system', 'message_content': 'member_count: 4\nmember_mapping: {"8": "이다빈", "9": "임재민", "10": "정혜윤", "11": "허원혁"}'}
실제 대화 내용:
  [1] 8: .
  [2] 8: 오늘 재밌었다!!!
  [3] 8: 삼겹살 진짜 맛있었당
  [4] 9: 그니까 조심히 들어가~~
  [5] 10: 카페도 커피랑 케잌 다 맛있더라
  [6] 8: 그니까! 삼겹살 내가 이따 정산할게
  [7] 11: 카페는 정산 잠시만...
  [8] 11: 카페 2만 3천원
  [9] 9: 어 생각보다 별로 안 나왔네
  [10] 11: 어어 다빈 빼고 1/3씩 보내줘
  [11] 8: 삼겹살 총 8만 천원!
  [12] 8: 내가 2만 천원 결제할 테니까 2만원씩 보내줘!
  [13] 10: 멘토님 선물은 2만 2천원인데
  [14] 10: 내가 만원 결제하는 걸로 하고 나머지는 n분의 1 하자!
🤖 ============================================


=== 단순화된 체인 단일 처리 시작 ===
총 9개 메시지

=== 통화 변환 후 결과 ===
[
  {"speaker":"8","item":"삼겹살","amount":81000,"hint_phrases":["8이 21000원 지불","1인당 20000원 지불"]},
  {"speaker":"10","item":"멘토님 선물","amount":22000,"hint_phrases":["10이 10000원 지불"]},
  {"speaker":"11","item":"카페","amount":23000,"hint_phrases":["8은 제외"]}
]

=== 2차 처리 결과 ===
[
  {"item":"삼겹살","place":"식당"},
  {"item":"멘토님 선물","place":"미정"},
  {"item":"카페","place":"카페"}
]

=== 최종 처리 결과 ===
[
  {"place":"식당","payer":"8","item":"삼겹살","amount":81000,"participants":["8","9","10","11"],"constants":{"8":21000,"9":20000,"10":20000,"11":20000},"ratios":{"8":1,"9":1,"10":1,"11":1}},
  {"place":"미정","payer":"10","item":"멘토님 선물","amount":22000,"participants":["8","9","10","11"],"constants":{"8":0,"9":0,"10":10000,"11":0},"ratios":{"8":1,"9":1,"10":1,"11":1}},
  {"place":"카페","payer":"11","item":"카페","amount":23000,"participants":["9","10","11"],"constants":{"9":0,"10":0,"11":0},"ratios":{"9":1,"10":1,"11":1}}
]
✅ 요청 처리 완료 (해시: 16f9bc42)
INFO:     127.0.0.1:53115 - "POST /api/process HTTP/1.1" 200 OK
INFO:     Shutting down
INFO:     Waiting for application shutdown.
INFO:     Application shutdown complete.
INFO:     Finished server process [83825]
INFO:     Started server process [99389]
INFO:     Waiting for application startup.
INFO:     Application startup complete.
INFO:     Uvicorn running on http://0.0.0.0:8000 (Press CTRL+C to quit)
🔑 해시 생성: c040fa9b (타임스탬프: 1775900201.3398058, 랜덤: 4258)
🚀 새 요청 처리 시작 (해시: c040fa9b) - 중복방지 비활성화
🔍 === 단순화된 체인 입력 JSON 검증 ===
요청 해시: c040fa9b (중복방지: 비활성화)
채팅방 이름: 텔리봇 Test 방
원본 멤버 수: 4
원본 멤버 데이터: [{'8': '이다빈'}, {'9': '임재민'}, {'10': '정혜윤'}, {'11': '허원혁'}]
변환된 멤버 데이터: [{'8': '이다빈', '9': '임재민', '10': '정혜윤', '11': '허원혁'}]
메시지 수: 14
첫 번째 메시지: speaker=8, content='.'
마지막 메시지: speaker=10, content='내가 만원 결제하는 걸로 하고 나머지는 n분의 1 하자!'
🔍 =======================================

🤖 === AI에게 전달되는 최종 대화 데이터 ===
전체 대화 길이: 15
시스템 메시지: {'speaker': 'system', 'message_content': 'member_count: 4\nmember_mapping: {"8": "이다빈", "9": "임재민", "10": "정혜윤", "11": "허원혁"}'}
실제 대화 내용:
  [1] 8: .
  [2] 8: 오늘 재밌었다!!!
  [3] 8: 삼겹살 진짜 맛있었당
  [4] 9: 그니까 조심히 들어가~~
  [5] 10: 카페도 커피랑 케잌 다 맛있더라
  [6] 8: 그니까! 삼겹살 내가 이따 정산할게
  [7] 11: 카페는 정산 잠시만...
  [8] 11: 카페 2만 3천원
  [9] 9: 어 생각보다 별로 안 나왔네
  [10] 11: 어어 다빈 빼고 1/3씩 보내줘
  [11] 8: 삼겹살 총 8만 천원!
  [12] 8: 내가 2만 천원 결제할 테니까 2만원씩 보내줘!
  [13] 10: 멘토님 선물은 2만 2천원인데
  [14] 10: 내가 만원 결제하는 걸로 하고 나머지는 n분의 1 하자!
🤖 ============================================


=== 단순화된 체인 단일 처리 시작 ===
총 9개 메시지

=== 통화 변환 후 결과 ===
[
  {"speaker":"11","item":"카페","amount":23000,"hint_phrases":["8은 제외"]},
  {"speaker":"8","item":"삼겹살","amount":81000,"hint_phrases":["8이 21000원 지불","1인당 20000원 지불"]},
  {"speaker":"10","item":"멘토님 선물","amount":22000,"hint_phrases":["10이 10000원 지불"]}
]

=== 2차 처리 결과 ===
[
  {"item":"카페","place":"카페"},
  {"item":"삼겹살","place":"식당"},
  {"item":"멘토님 선물","place":"미정"}
]

=== 최종 처리 결과 ===
[
  {"place":"카페","payer":"11","item":"카페","amount":23000,"participants":["9","10","11"],"constants":{"9":0,"10":0,"11":0},"ratios":{"9":1,"10":1,"11":1}},
  {"place":"식당","payer":"8","item":"삼겹살","amount":81000,"participants":["8","9","10","11"],"constants":{"8":21000,"9":20000,"10":20000,"11":20000},"ratios":{"8":1,"9":1,"10":1,"11":1}},
  {"place":"미정","payer":"10","item":"멘토님 선물","amount":22000,"participants":["8","9","10","11"],"constants":{"8":0,"9":0,"10":10000,"11":0},"ratios":{"8":1,"9":1,"10":1,"11":1}}
]
✅ 요청 처리 완료 (해시: c040fa9b)
INFO:     127.0.0.1:53223 - "POST /api/process HTTP/1.1" 200 OK
🔑 해시 생성: 10909c24 (타임스탬프: 1775900232.223966, 랜덤: 9920)
🚀 새 요청 처리 시작 (해시: 10909c24) - 중복방지 비활성화
🔍 === 단순화된 체인 입력 JSON 검증 ===
요청 해시: 10909c24 (중복방지: 비활성화)
채팅방 이름: 텔리봇 Test 방
원본 멤버 수: 4
원본 멤버 데이터: [{'8': '이다빈'}, {'9': '임재민'}, {'10': '정혜윤'}, {'11': '허원혁'}]
변환된 멤버 데이터: [{'8': '이다빈', '9': '임재민', '10': '정혜윤', '11': '허원혁'}]
메시지 수: 14
첫 번째 메시지: speaker=8, content='.'
마지막 메시지: speaker=10, content='내가 만원 결제하는 걸로 하고 나머지는 n분의 1 하자!'
🔍 =======================================

🤖 === AI에게 전달되는 최종 대화 데이터 ===
전체 대화 길이: 15
시스템 메시지: {'speaker': 'system', 'message_content': 'member_count: 4\nmember_mapping: {"8": "이다빈", "9": "임재민", "10": "정혜윤", "11": "허원혁"}'}
실제 대화 내용:
  [1] 8: .
  [2] 8: 오늘 재밌었다!!!
  [3] 8: 삼겹살 진짜 맛있었당
  [4] 9: 그니까 조심히 들어가~~
  [5] 10: 카페도 커피랑 케잌 다 맛있더라
  [6] 8: 그니까! 삼겹살 내가 이따 정산할게
  [7] 11: 카페는 정산 잠시만...
  [8] 11: 카페 2만 3천원
  [9] 9: 어 생각보다 별로 안 나왔네
  [10] 11: 어어 다빈 빼고 1/3씩 보내줘
  [11] 8: 삼겹살 총 8만 천원!
  [12] 8: 내가 2만 천원 결제할 테니까 2만원씩 보내줘!
  [13] 10: 멘토님 선물은 2만 2천원인데
  [14] 10: 내가 만원 결제하는 걸로 하고 나머지는 n분의 1 하자!
🤖 ============================================


=== 단순화된 체인 단일 처리 시작 ===
총 9개 메시지

=== 통화 변환 후 결과 ===
[
  {"speaker":"11","item":"카페","amount":23000,"hint_phrases":["8은 제외"]},
  {"speaker":"8","item":"삼겹살","amount":81000,"hint_phrases":["8이 21000원 지불"]},
  {"speaker":"10","item":"멘토님 선물","amount":22000,"hint_phrases":["10이 10000원 지불"]}
]

=== 2차 처리 결과 ===
[
  {"item":"카페","place":"카페"},
  {"item":"삼겹살","place":"식당"},
  {"item":"멘토님 선물","place":"미정"}
]

=== 최종 처리 결과 ===
[
  {"place":"카페","payer":"11","item":"카페","amount":23000,"participants":["9","10","11"],"constants":{"9":0,"10":0,"11":0},"ratios":{"9":1,"10":1,"11":1}},
  {"place":"식당","payer":"8","item":"삼겹살","amount":81000,"participants":["8","9","10","11"],"constants":{"8":21000,"9":0,"10":0,"11":0},"ratios":{"8":1,"9":1,"10":1,"11":1}},
  {"place":"미정","payer":"10","item":"멘토님 선물","amount":22000,"participants":["8","9","10","11"],"constants":{"8":0,"9":0,"10":10000,"11":0},"ratios":{"8":1,"9":1,"10":1,"11":1}}
]
✅ 요청 처리 완료 (해시: 10909c24)
INFO:     127.0.0.1:53236 - "POST /api/process HTTP/1.1" 200 OK
🔑 해시 생성: 3e13e59d (타임스탬프: 1775900329.148064, 랜덤: 6765)
🚀 새 요청 처리 시작 (해시: 3e13e59d) - 중복방지 비활성화
🔍 === 단순화된 체인 입력 JSON 검증 ===
요청 해시: 3e13e59d (중복방지: 비활성화)
채팅방 이름: 텔리봇 Test 방
원본 멤버 수: 4
원본 멤버 데이터: [{'8': '이다빈'}, {'9': '임재민'}, {'10': '정혜윤'}, {'11': '허원혁'}]
변환된 멤버 데이터: [{'8': '이다빈', '9': '임재민', '10': '정혜윤', '11': '허원혁'}]
메시지 수: 14
첫 번째 메시지: speaker=8, content='.'
마지막 메시지: speaker=10, content='내가 만원 결제하는 걸로 하고 나머지는 n분의 1 하자!'
🔍 =======================================

🤖 === AI에게 전달되는 최종 대화 데이터 ===
전체 대화 길이: 15
시스템 메시지: {'speaker': 'system', 'message_content': 'member_count: 4\nmember_mapping: {"8": "이다빈", "9": "임재민", "10": "정혜윤", "11": "허원혁"}'}
실제 대화 내용:
  [1] 8: .
  [2] 8: 오늘 재밌었다!!!
  [3] 8: 삼겹살 진짜 맛있었당
  [4] 9: 그니까 조심히 들어가~~
  [5] 10: 카페도 커피랑 케잌 다 맛있더라
  [6] 8: 그니까! 삼겹살 내가 이따 정산할게
  [7] 11: 카페는 정산 잠시만...
  [8] 11: 카페 2만 3천원
  [9] 9: 어 생각보다 별로 안 나왔네
  [10] 11: 어어 다빈 빼고 1/3씩 보내줘
  [11] 8: 삼겹살 총 8만 천원!
  [12] 8: 내가 2만 천원 결제할 테니까 2만원씩 보내줘!
  [13] 10: 멘토님 선물은 2만 2천원인데
  [14] 10: 내가 만원 결제하는 걸로 하고 나머지는 n분의 1 하자!
🤖 ============================================


=== 단순화된 체인 단일 처리 시작 ===
총 9개 메시지

=== 통화 변환 후 결과 ===
[
  {"speaker":"11","item":"카페","amount":23000,"hint_phrases":["8은 제외"]},
  {"speaker":"8","item":"삼겹살","amount":81000,"hint_phrases":["8이 21000원 지불"]},
  {"speaker":"10","item":"멘토님 선물","amount":22000,"hint_phrases":["10이 10000원 지불"]}
]

=== 2차 처리 결과 ===
[
  {"item":"카페","place":"카페"},
  {"item":"삼겹살","place":"식당"},
  {"item":"멘토님 선물","place":"미정"}
]

=== 최종 처리 결과 ===
[
  {"place":"카페","payer":"11","item":"카페","amount":23000,"participants":["9","10","11"],"constants":{"9":0,"10":0,"11":0},"ratios":{"9":1,"10":1,"11":1}},
  {"place":"식당","payer":"8","item":"삼겹살","amount":81000,"participants":["8","9","10","11"],"constants":{"8":21000,"9":0,"10":0,"11":0},"ratios":{"8":1,"9":1,"10":1,"11":1}},
  {"place":"미정","payer":"10","item":"멘토님 선물","amount":22000,"participants":["8","9","10","11"],"constants":{"8":0,"9":0,"10":10000,"11":0},"ratios":{"8":1,"9":1,"10":1,"11":1}}
]
✅ 요청 처리 완료 (해시: 3e13e59d)
INFO:     127.0.0.1:53262 - "POST /api/process HTTP/1.1" 200 OK
🔑 해시 생성: b658d95c (타임스탬프: 1775900345.087382, 랜덤: 5733)
🚀 새 요청 처리 시작 (해시: b658d95c) - 중복방지 비활성화
🔍 === 단순화된 체인 입력 JSON 검증 ===
요청 해시: b658d95c (중복방지: 비활성화)
채팅방 이름: 텔리봇 Test 방
원본 멤버 수: 4
원본 멤버 데이터: [{'8': '이다빈'}, {'9': '임재민'}, {'10': '정혜윤'}, {'11': '허원혁'}]
변환된 멤버 데이터: [{'8': '이다빈', '9': '임재민', '10': '정혜윤', '11': '허원혁'}]
메시지 수: 14
첫 번째 메시지: speaker=8, content='.'
마지막 메시지: speaker=10, content='내가 만원 결제하는 걸로 하고 나머지는 n분의 1 하자!'
🔍 =======================================

🤖 === AI에게 전달되는 최종 대화 데이터 ===
전체 대화 길이: 15
시스템 메시지: {'speaker': 'system', 'message_content': 'member_count: 4\nmember_mapping: {"8": "이다빈", "9": "임재민", "10": "정혜윤", "11": "허원혁"}'}
실제 대화 내용:
  [1] 8: .
  [2] 8: 오늘 재밌었다!!!
  [3] 8: 삼겹살 진짜 맛있었당
  [4] 9: 그니까 조심히 들어가~~
  [5] 10: 카페도 커피랑 케잌 다 맛있더라
  [6] 8: 그니까! 삼겹살 내가 이따 정산할게
  [7] 11: 카페는 정산 잠시만...
  [8] 11: 카페 2만 3천원
  [9] 9: 어 생각보다 별로 안 나왔네
  [10] 11: 어어 다빈 빼고 1/3씩 보내줘
  [11] 8: 삼겹살 총 8만 천원!
  [12] 8: 내가 2만 천원 결제할 테니까 2만원씩 보내줘!
  [13] 10: 멘토님 선물은 2만 2천원인데
  [14] 10: 내가 만원 결제하는 걸로 하고 나머지는 n분의 1 하자!
🤖 ============================================


=== 단순화된 체인 단일 처리 시작 ===
총 9개 메시지

=== 통화 변환 후 결과 ===
[
  {"speaker":"11","item":"카페","amount":23000,"hint_phrases":["8은 제외"]},
  {"speaker":"8","item":"삼겹살","amount":81000,"hint_phrases":["8이 21000원 지불"]},
  {"speaker":"10","item":"멘토님 선물","amount":22000,"hint_phrases":["10이 10000원 지불","n분의1"]}
]

=== 2차 처리 결과 ===
[
  {"item":"카페","place":"카페"},
  {"item":"삼겹살","place":"식당"},
  {"item":"멘토님 선물","place":"미정"}
]

=== 최종 처리 결과 ===
[
  {"place":"카페","payer":"11","item":"카페","amount":23000,"participants":["9","10","11"],"constants":{"9":0,"10":0,"11":0},"ratios":{"9":1,"10":1,"11":1}},
  {"place":"식당","payer":"8","item":"삼겹살","amount":81000,"participants":["8","9","10","11"],"constants":{"8":21000,"9":0,"10":0,"11":0},"ratios":{"8":1,"9":1,"10":1,"11":1}},
  {"place":"미정","payer":"10","item":"멘토님 선물","amount":22000,"participants":["8","9","10","11"],"constants":{"8":0,"9":0,"10":10000,"11":0},"ratios":{"8":1,"9":1,"10":1,"11":1}}
]
✅ 요청 처리 완료 (해시: b658d95c)
INFO:     127.0.0.1:53270 - "POST /api/process HTTP/1.1" 200 OK
